// Vitest Snapshot v1, https://vitest.dev/guide/snapshot.html

exports[`Buttons > should render the buttons 1`] = `
"<button id="clear">C</button>
<button id="answer">ANS</button>
<button id="delete">DEL</button>
<button id="plus">+</button>
<button class="number" value="1">1</button>
<button class="number" value="2">2</button>
<button class="number" value="3">3</button>
<button id="minus">-</button>
<button class="number" value="4">4</button>
<button class="number" value="5">5</button>
<button class="number" value="6">6</button>
<button id="multiply">*</button>
<button class="number" value="7">7</button>
<button class="number" value="8">8</button>
<button class="number" value="9">9</button>
<button id="divide">/</button>
<button id="paranthesis">( )</button>
<button class="number" value="0">0</button>
<button id="comma" value=",">,</button>
<button id="equals">=</button>"
`;
